// Jest Snapshot v1, https://goo.gl/fbAQLP

exports[`Test specific post 1`] = `
<div
  class="heading"
>
  Enter a post
</div>
`;
