// Jest Snapshot v1, https://goo.gl/fbAQLP

exports[`Test the Post list renders correctly 1`] = `
<div
  class="heading"
>
  Enter a valid post!
</div>
`;
